v1
f compute_flag
c0 1 2 3
f main
c0 1 2 3 4 5 6 7
