anycall
othercall
othercall.cold
main
compute_flag
main.cold
