main
compute_flag
_ZN4absl16numbers_internal17safe_strto32_baseENSt3__u17basic_string_viewIcNS1_11char_traitsIcEEEEPii
_ZN4absl8DurationpLES0_
_ZN4absl13base_internal12CallOnceImplIMNS_14flags_internal8FlagImplEFvvEJPS3_EEEvPNSt3__u6atomicIjEENS0_14SchedulingModeEOT_DpOT0_
_ZN4absl13hash_internal12LowLevelHashEPKvmmPKm
_ZN4absl13base_internalL16DoAllocWithArenaEmPNS0_13LowLevelAlloc5ArenaE
_ZN4absl14flags_internal12_GLOBAL__N_117NormalizeFilenameENSt3__u17basic_string_viewIcNS2_11char_traitsIcEEEE
_ZN4absl14flags_internal8FlagImpl11SetCallbackEPFvvE
_ZN4absl14flags_internal12FlagRegistry12RegisterFlagERNS_15CommandLineFlagEPKc
main.cold
_ZN4absl16numbers_internal17safe_strto32_baseENSt3__u17basic_string_viewIcNS1_11char_traitsIcEEEEPii.cold
_ZN4absl8DurationpLES0_.cold
_ZN4absl13base_internal12CallOnceImplIMNS_14flags_internal8FlagImplEFvvEJPS3_EEEvPNSt3__u6atomicIjEENS0_14SchedulingModeEOT_DpOT0_.cold
_ZN4absl13hash_internal12LowLevelHashEPKvmmPKm.cold
_ZN4absl13base_internalL16DoAllocWithArenaEmPNS0_13LowLevelAlloc5ArenaE.cold
_ZN4absl14flags_internal12_GLOBAL__N_117NormalizeFilenameENSt3__u17basic_string_viewIcNS2_11char_traitsIcEEEE.cold
_ZN4absl14flags_internal8FlagImpl11SetCallbackEPFvvE.cold
_ZN4absl14flags_internal12FlagRegistry12RegisterFlagERNS_15CommandLineFlagEPKc.cold
